// Jest Snapshot v1, https://goo.gl/fbAQLP

exports[`The user signup test Should return validation error for duplicate email 1`] = `
Object {
  "data": Object {
    "errors": Array [
      "A user with this email already exists.",
    ],
  },
  "status": "fail",
}
`;
